2026-07-24 17:52:06.905 | INFO     | app.api.routes.predict:predict:62 - Prediction request | category=MedicalCategory.SKIN | demo=True | size=1412 bytes
2026-07-24 17:52:06.906 | INFO     | app.ai.predict:_demo_response:138 - [DEMO] Returning prediction for 'skin'
2026-07-24 17:52:06.913 | INFO     | app.api.routes.predict:predict:62 - Prediction request | category=MedicalCategory.EYE | demo=True | size=1412 bytes
2026-07-24 17:52:06.913 | INFO     | app.ai.predict:_demo_response:138 - [DEMO] Returning prediction for 'eye'
2026-07-24 17:52:06.919 | INFO     | app.api.routes.predict:predict:62 - Prediction request | category=MedicalCategory.CHEST | demo=True | size=1412 bytes
2026-07-24 17:52:06.919 | INFO     | app.ai.predict:_demo_response:138 - [DEMO] Returning prediction for 'chest'
2026-07-24 17:52:06.928 | INFO     | app.api.routes.predict:predict:62 - Prediction request | category=MedicalCategory.DENTAL | demo=True | size=1412 bytes
2026-07-24 17:52:06.928 | INFO     | app.ai.predict:_demo_response:138 - [DEMO] Returning prediction for 'dental'
2026-07-24 17:52:06.934 | INFO     | app.api.routes.predict:predict:62 - Prediction request | category=MedicalCategory.ORAL | demo=True | size=1412 bytes
2026-07-24 17:52:06.935 | INFO     | app.ai.predict:_demo_response:138 - [DEMO] Returning prediction for 'oral'
2026-07-24 17:52:06.941 | INFO     | app.api.routes.predict:predict:62 - Prediction request | category=MedicalCategory.BURNS | demo=True | size=1412 bytes
2026-07-24 17:52:06.942 | INFO     | app.ai.predict:_demo_response:138 - [DEMO] Returning prediction for 'burns'
2026-07-24 17:52:06.948 | INFO     | app.api.routes.predict:predict:62 - Prediction request | category=MedicalCategory.WOUNDS | demo=True | size=1412 bytes
2026-07-24 17:52:06.948 | INFO     | app.ai.predict:_demo_response:138 - [DEMO] Returning prediction for 'wounds'
2026-07-24 17:56:17.399 | INFO     | app.api.routes.predict:predict:62 - Prediction request | category=MedicalCategory.SKIN | demo=True | size=1412 bytes
2026-07-24 17:56:17.400 | INFO     | app.ai.predict:_demo_response:138 - [DEMO] Returning prediction for 'skin'
2026-07-24 17:56:17.406 | INFO     | app.api.routes.predict:predict:62 - Prediction request | category=MedicalCategory.EYE | demo=True | size=1412 bytes
2026-07-24 17:56:17.406 | INFO     | app.ai.predict:_demo_response:138 - [DEMO] Returning prediction for 'eye'
2026-07-24 17:56:17.412 | INFO     | app.api.routes.predict:predict:62 - Prediction request | category=MedicalCategory.CHEST | demo=True | size=1412 bytes
2026-07-24 17:56:17.412 | INFO     | app.ai.predict:_demo_response:138 - [DEMO] Returning prediction for 'chest'
2026-07-24 17:56:17.418 | INFO     | app.api.routes.predict:predict:62 - Prediction request | category=MedicalCategory.DENTAL | demo=True | size=1412 bytes
2026-07-24 17:56:17.419 | INFO     | app.ai.predict:_demo_response:138 - [DEMO] Returning prediction for 'dental'
2026-07-24 17:56:17.424 | INFO     | app.api.routes.predict:predict:62 - Prediction request | category=MedicalCategory.ORAL | demo=True | size=1412 bytes
2026-07-24 17:56:17.425 | INFO     | app.ai.predict:_demo_response:138 - [DEMO] Returning prediction for 'oral'
2026-07-24 17:56:17.430 | INFO     | app.api.routes.predict:predict:62 - Prediction request | category=MedicalCategory.BURNS | demo=True | size=1412 bytes
2026-07-24 17:56:17.431 | INFO     | app.ai.predict:_demo_response:138 - [DEMO] Returning prediction for 'burns'
2026-07-24 17:56:17.436 | INFO     | app.api.routes.predict:predict:62 - Prediction request | category=MedicalCategory.WOUNDS | demo=True | size=1412 bytes
2026-07-24 17:56:17.437 | INFO     | app.ai.predict:_demo_response:138 - [DEMO] Returning prediction for 'wounds'
